
> zhipinyun@1.0.0 dev
> vite --port=3000 --host=0.0.0.0


  [32m[1mVITE[22m v6.4.1[39m  [2mready in [0m[1m642[22m[2m[0m ms[22m

  [32m➜[39m  [1mLocal[22m:   [36mhttp://localhost:[1m3000[22m/[39m
  [32m➜[39m  [1mNetwork[22m: [36mhttp://172.18.0.1:[1m3000[22m/[39m
  [32m➜[39m  [1mNetwork[22m: [36mhttp://192.168.3.112:[1m3000[22m/[39m
[2m[32m  ➜[39m[22m[2m  press [22m[1mh + enter[22m[2m to show help[22m
[2m9:22:34 PM[22m [36m[1m[vite][22m[39m [90m[2m(client)[22m[39m [32mhmr update [39m[2m/src/layouts/MainLayout.tsx, /src/index.css[22m
[2m9:22:38 PM[22m [36m[1m[vite][22m[39m [90m[2m(client)[22m[39m [32mhmr update [39m[2m/src/layouts/AuthLayout.tsx, /src/index.css[22m
[2m9:23:10 PM[22m [36m[1m[vite][22m[39m [90m[2m(client)[22m[39m [32mpage reload [39m[2mplaywright-report/index.html[22m
[2m9:24:57 PM[22m [36m[1m[vite][22m[39m [90m[2m(client)[22m[39m [32mpage reload [39m[2mplaywright-report/index.html[22m
[2m9:25:44 PM[22m [36m[1m[vite][22m[39m [90m[2m(client)[22m[39m [32mhmr update [39m[2m/@fs/D:\_WorkSpaceWebStorm\ZhiPin_CC\frontend\src\components\settings\PlatformLoginDialog.tsx, /src/index.css[22m
[2m9:25:50 PM[22m [36m[1m[vite][22m[39m [90m[2m(client)[22m[39m [32mhmr update [39m[2m/src/pages/JilingRecruit.tsx, /src/index.css[22m
[2m9:25:58 PM[22m [36m[1m[vite][22m[39m [90m[2m(client)[22m[39m [32mpage reload [39m[2mtests/e2e/jiling-recruit.execute.spec.ts[22m
[2m9:26:10 PM[22m [36m[1m[vite][22m[39m [90m[2m(client)[22m[39m [32mpage reload [39m[2mtests/e2e/jiling-recruit.platform-config.spec.ts[22m
[2m9:26:35 PM[22m [36m[1m[vite][22m[39m [90m[2m(client)[22m[39m [32mpage reload [39m[2mplaywright-report/index.html[22m
[2m9:26:44 PM[22m [36m[1m[vite][22m[39m [90m[2m(client)[22m[39m [32mhmr update [39m[2m/@fs/D:\_WorkSpaceWebStorm\ZhiPin_CC\frontend\src\components\settings\PlatformLoginDialog.tsx, /src/index.css[22m
[2m9:26:54 PM[22m [36m[1m[vite][22m[39m [90m[2m(client)[22m[39m [32mpage reload [39m[2mplaywright-report/index.html[22m
[2m9:27:07 PM[22m [36m[1m[vite][22m[39m [90m[2m(client)[22m[39m [32mpage reload [39m[2mplaywright-report/index.html[22m
[2m9:27:25 PM[22m [36m[1m[vite][22m[39m [90m[2m(client)[22m[39m [32mpage reload [39m[2mplaywright-report/index.html[22m
node:events:486
      throw er; // Unhandled 'error' event
      ^

Error: read EPIPE
    at TTY.onStreamRead (node:internal/stream_base_commons:216:20)
Emitted 'error' event on Interface instance at:
    at ReadStream.onerror (node:internal/readline/interface:259:10)
    at ReadStream.emit (node:events:508:28)
    at emitErrorNT (node:internal/streams/destroy:170:8)
    at emitErrorCloseNT (node:internal/streams/destroy:129:3)
    at process.processTicksAndRejections (node:internal/process/task_queues:89:21) {
  errno: -4047,
  code: 'EPIPE',
  syscall: 'read'
}

Node.js v24.12.0
